Build:Feb  7 2ï¿½ESP-ROM:esp32c3-api1-20210207
Build:Feb  7 2021
rst:0x1 (POWERON),boot:0xc (SPI_FAST_FLASH_BOOT)
SPIWP:0xee
mode:DIO, clock div:1
load:0x3fcd5820,len:0x1704
load:0x403cc710,len:0x968
load:0x403ce710,len:0x2f9c
entry 0x403cc710
[0;32mI (30) boot: ESP-IDF v5.1.2 2nd stage bootloader[0m
[0;32mI (30) boot: compile time Dec 30 2023 20:01:19[0m
[0;32mI (30) boot: chip revision: v0.3[0m
[0;32mI (33) boot.esp32c3: SPI Speed      : 80MHz[0m
[0;32mI (38) boot.esp32c3: SPI Mode       : DIO[0m
[0;32mI (43) boot.esp32c3: SPI Flash Size : 2MB[0m
[0;32mI (47) boot: Enabling RNG early entropy source...[0m
[0;32mI (53) boot: Partition Table:[0m
[0;32mI (56) boot: ## Label            Usage          Type ST Offset   Length[0m
[0;32mI (64) boot:  0 nvs              WiFi data        01 02 00009000 00006000[0m
[0;32mI (71) boot:  1 phy_init         RF data          01 01 0000f000 00001000[0m
[0;32mI (79) boot:  2 factory          factory app      00 00 00010000 00100000[0m
[0;32mI (86) boot: End of partition table[0m
[0;32mI (90) esp_image: segment 0: paddr=00010020 vaddr=3c020020 size=09ba8h ( 39848) map[0m
[0;32mI (105) esp_image: segment 1: paddr=00019bd0 vaddr=3fc8b400 size=01198h (  4504) load[0m
[0;32mI (108) esp_image: segment 2: paddr=0001ad70 vaddr=40380000 size=052a8h ( 21160) load[0m
[0;32mI (120) esp_image: segment 3: paddr=00020020 vaddr=42000020 size=18ae4h (101092) map[0m
[0;32mI (140) esp_image: segment 4: paddr=00038b0c vaddr=403852a8 size=060e4h ( 24804) load[0m
[0;32mI (149) boot: Loaded app from partition at offset 0x10000[0m
[0;32mI (149) boot: Disabling RNG early entropy source...[0m
[0;32mI (160) cpu_start: Unicore app[0m
[0;32mI (161) cpu_start: Pro cpu up.[0m
[0;32mI (170) cpu_start: Pro cpu start user code[0m
[0;32mI (170) cpu_start: cpu freq: 160000000 Hz[0m
[0;32mI (170) cpu_start: Application information:[0m
[0;32mI (173) cpu_start: Project name:     blink[0m
[0;32mI (178) cpu_start: App version:      faa07b9-dirty[0m
[0;32mI (183) cpu_start: Compile time:     Dec 30 2023 20:01:04[0m
[0;32mI (189) cpu_start: ELF file SHA256:  87397d9a7afb1023...[0m
[0;32mI (195) cpu_start: ESP-IDF:          v5.1.2[0m
[0;32mI (200) cpu_start: Min chip rev:     v0.3[0m
[0;32mI (205) cpu_start: Max chip rev:     v0.99 [0m
[0;32mI (209) cpu_start: Chip rev:         v0.3[0m
[0;32mI (214) heap_init: Initializing. RAM available for dynamic allocation:[0m
[0;32mI (221) heap_init: At 3FC8D410 len 00032BF0 (202 KiB): DRAM[0m
[0;32mI (228) heap_init: At 3FCC0000 len 0001C710 (113 KiB): DRAM/RETENTION[0m
[0;32mI (235) heap_init: At 3FCDC710 len 00002950 (10 KiB): DRAM/RETENTION/STACK[0m
[0;32mI (242) heap_init: At 50000010 len 00001FD8 (7 KiB): RTCRAM[0m
[0;32mI (249) spi_flash: detected chip: generic[0m
[0;32mI (253) spi_flash: flash io: dio[0m
[0;33mW (257) spi_flash: Detected size(4096k) larger than the size in the binary image header(2048k). Using the size in the binary image header.[0m
[0;32mI (270) sleep: Configure to isolate all GPIO pins in sleep state[0m
[0;32mI (277) sleep: Enable automatic switching of GPIO sleep configuration[0m
[0;32mI (284) app_start: Starting scheduler on CPU0[0m
[0;32mI (289) main_task: Started on CPU0[0m
[0;32mI (289) main_task: Calling app_main()[0m
[0;32mI (289) example: Example configured to blink addressable LED![0m
[0;32mI (299) gpio: GPIO[8]| InputEn: 0| OutputEn: 1| OpenDrain: 0| Pullup: 1| Pulldown: 0| Intr:0 [0m
[0;32mI (309) example: Turning the LED OFF![0m
[0;32mI (2309) example: Turning the LED ON![0m
[0;32mI (4309) example: Turning the LED OFF![0m
[0;32mI (6309) example: Turning the LED ON![0m
[0;32mI (8309) example: Turning the LED OFF![0m
[0;32mI (10309) example: Turning the LED ON![0m
[0;32mI (12309) example: Turning the LED OFF![0m
[0;32mI (14309) example: Turning the LED ON![0m
[0;32mI (16309) example: Turning the LED OFF![0m
[0;32mI (18309) example: Turning the LED ON![0m
[0;32mI (20309) example: Turning the LED OFF![0m
[0;32mI (22309) example: Turning the LED ON![0m
[0;32mI (24309) example: Turning the LED OFF![0m
[0;32mI (26309) example: Turning the LED ON![0m
[0;32mI (28309) example: Turning the LED OFF![0m
[0;32mI (30309) example: Turning the LED ON![0m
[0;32mI (32309) example: Turning the LED OFF![0m
[0;32mI (34309) example: Turning the LED ON![0m
[0;32mI (36309) example: Turning the LED OFF![0m
[0;32mI (38309) example: Turning the LED ON![0m
[0;32mI (40309) example: Turning the LED OFF![0m
[0;32mI (42309) example: Turning the LED ON![0m
[0;32mI (44309) example: Turning the LED OFF![0m
[0;32mI (46309) example: Turning the LED ON![0m
[0;32mI (48309) example: Turning the LED OFF![0m
[0;32mI (50309) example: Turning the LED ON![0m
[0;32mI (52309) example: Turning the LED OFF![0m
[0;32mI (54309) example: Turning the LED ON![0m
[0;32mI (56309) example: Turning the LED OFF![0m
[0;32mI (58309) example: Turning the LED ON![0m
[0;32mI (60309) example: Turning the LED OFF![0m
[0;32mI (62309) example: Turning the LED ON![0m
[0;32mI (64309) example: Turning the LED OFF![0m
[0;32mI (66309) example: Turning the LED ON![0m
[0;32mI (68309) example: Turning the LED OFF![0m
[0;32mI (70309) example: Turning the LED ON![0m
[0;32mI (72309) example: Turning the LED OFF![0m
[0;32mI (74309) example: Turning the LED ON![0m
[0;32mI (76309) example: Turning the LED OFF![0m
[0;32mI (78309) example: Turning the LED ON![0m
[0;32mI (80309) example: Turning the LED OFF![0m
[0;32mI (82309) example: Turning the LED ON![0m
[0;32mI (84309) example: Turning the LED OFF![0m
[0;32mI (86309) example: Turning the LED ON![0m
[0;32mI (88309) example: Turning the LED OFF![0m
[0;32mI (90309) example: Turning the LED ON![0m
[0;32mI (92309) example: Turning the LED OFF![0m
[0;32mI (94309) example: Turning the LED ON![0m
[0;32mI (96309) example: Turning the LED OFF![0m
[0;32mI (98309) example: Turning the LED ON![0m
[0;32mI (100309) example: Turning the LED OFF![0m
[0;32mI (102309) example: Turning the LED ON![0m
